2025-07-13T17:23:42.9894870Z Current runner version: '2.326.0'
2025-07-13T17:23:42.9920468Z ##[group]Runner Image Provisioner
2025-07-13T17:23:42.9921511Z Hosted Compute Agent
2025-07-13T17:23:42.9922034Z Version: 20250711.363
2025-07-13T17:23:42.9922746Z Commit: 6785254374ce925a23743850c1cb91912ce5c14c
2025-07-13T17:23:42.9923403Z Build Date: 2025-07-11T20:04:25Z
2025-07-13T17:23:42.9923987Z ##[endgroup]
2025-07-13T17:23:42.9924648Z ##[group]Operating System
2025-07-13T17:23:42.9925193Z Ubuntu
2025-07-13T17:23:42.9925682Z 24.04.2
2025-07-13T17:23:42.9926191Z LTS
2025-07-13T17:23:42.9926664Z ##[endgroup]
2025-07-13T17:23:42.9927140Z ##[group]Runner Image
2025-07-13T17:23:42.9928068Z Image: ubuntu-24.04
2025-07-13T17:23:42.9928576Z Version: 20250710.1.0
2025-07-13T17:23:42.9929597Z Included Software: https://github.com/actions/runner-images/blob/ubuntu24/20250710.1/images/ubuntu/Ubuntu2404-Readme.md
2025-07-13T17:23:42.9931196Z Image Release: https://github.com/actions/runner-images/releases/tag/ubuntu24%2F20250710.1
2025-07-13T17:23:42.9932163Z ##[endgroup]
2025-07-13T17:23:42.9934674Z ##[group]GITHUB_TOKEN Permissions
2025-07-13T17:23:42.9936826Z Actions: write
2025-07-13T17:23:42.9937426Z Attestations: write
2025-07-13T17:23:42.9938127Z Checks: write
2025-07-13T17:23:42.9938590Z Contents: write
2025-07-13T17:23:42.9939137Z Deployments: write
2025-07-13T17:23:42.9939640Z Discussions: write
2025-07-13T17:23:42.9940188Z Issues: write
2025-07-13T17:23:42.9940723Z Metadata: read
2025-07-13T17:23:42.9941265Z Models: read
2025-07-13T17:23:42.9941777Z Packages: write
2025-07-13T17:23:42.9942228Z Pages: write
2025-07-13T17:23:42.9942815Z PullRequests: write
2025-07-13T17:23:42.9943364Z RepositoryProjects: write
2025-07-13T17:23:42.9943934Z SecurityEvents: write
2025-07-13T17:23:42.9944616Z Statuses: write
2025-07-13T17:23:42.9945085Z ##[endgroup]
2025-07-13T17:23:42.9947390Z Secret source: Actions
2025-07-13T17:23:42.9948583Z Prepare workflow directory
2025-07-13T17:23:43.0342932Z Prepare all required actions
2025-07-13T17:23:43.0380721Z Getting action download info
2025-07-13T17:23:43.4248069Z ##[group]Download immutable action package 'actions/checkout@v4'
2025-07-13T17:23:43.4249202Z Version: 4.2.2
2025-07-13T17:23:43.4250227Z Digest: sha256:ccb2698953eaebd21c7bf6268a94f9c26518a7e38e27e0b83c1fe1ad049819b1
2025-07-13T17:23:43.4251506Z Source commit SHA: 11bd71901bbe5b1630ceea73d27597364c9af683
2025-07-13T17:23:43.4252240Z ##[endgroup]
2025-07-13T17:23:43.5167304Z ##[group]Download immutable action package 'docker/login-action@v3'
2025-07-13T17:23:43.5168401Z Version: 3.4.0
2025-07-13T17:23:43.5169280Z Digest: sha256:864ebd28db095e1602e6ef999f46a4f575083ea874918fbccf0994c2a7680450
2025-07-13T17:23:43.5170234Z Source commit SHA: 74a5d142397b4f367a81961eba4e8cd7edddf772
2025-07-13T17:23:43.5170907Z ##[endgroup]
2025-07-13T17:23:43.9731244Z ##[group]Download immutable action package 'actions/upload-artifact@v4'
2025-07-13T17:23:43.9732062Z Version: 4.6.2
2025-07-13T17:23:43.9732825Z Digest: sha256:290722aa3281d5caf23d0acdc3dbeb3424786a1a01a9cc97e72f147225e37c38
2025-07-13T17:23:43.9733842Z Source commit SHA: ea165f8d65b6e75b540449e92b4886f43607fa02
2025-07-13T17:23:43.9734527Z ##[endgroup]
2025-07-13T17:23:44.1607022Z Complete job name: Build ffmpeg (win64, gpl)
2025-07-13T17:23:44.2186846Z ##[group]Run df -h && sudo apt-get clean && docker system prune -a -f && sudo rm -rf /usr/local/lib/android /usr/share/dotnet /opt/ghc && df -h
2025-07-13T17:23:44.2188618Z [36;1mdf -h && sudo apt-get clean && docker system prune -a -f && sudo rm -rf /usr/local/lib/android /usr/share/dotnet /opt/ghc && df -h[0m
2025-07-13T17:23:44.2220565Z shell: /usr/bin/bash -e {0}
2025-07-13T17:23:44.2221315Z env:
2025-07-13T17:23:44.2221760Z   DOCKER_BUILDKIT: 1
2025-07-13T17:23:44.2222192Z ##[endgroup]
2025-07-13T17:23:44.2434664Z Filesystem      Size  Used Avail Use% Mounted on
2025-07-13T17:23:44.2435351Z /dev/root        72G   45G   28G  62% /
2025-07-13T17:23:44.2435903Z tmpfs           7.9G   84K  7.9G   1% /dev/shm
2025-07-13T17:23:44.2436450Z tmpfs           3.2G  1.1M  3.2G   1% /run
2025-07-13T17:23:44.2437269Z tmpfs           5.0M     0  5.0M   0% /run/lock
2025-07-13T17:23:44.2438163Z /dev/sdb16      881M   60M  760M   8% /boot
2025-07-13T17:23:44.2438749Z /dev/sdb15      105M  6.2M   99M   6% /boot/efi
2025-07-13T17:23:44.2439283Z /dev/sda1        74G  4.1G   66G   6% /mnt
2025-07-13T17:23:44.2439843Z tmpfs           1.6G   12K  1.6G   1% /run/user/1001
2025-07-13T17:23:44.3432751Z Total reclaimed space: 0B
2025-07-13T17:23:55.1456440Z Filesystem      Size  Used Avail Use% Mounted on
2025-07-13T17:23:55.1457222Z /dev/root        72G   35G   37G  49% /
2025-07-13T17:23:55.1457991Z tmpfs           7.9G   84K  7.9G   1% /dev/shm
2025-07-13T17:23:55.1458559Z tmpfs           3.2G  1.1M  3.2G   1% /run
2025-07-13T17:23:55.1459493Z tmpfs           5.0M     0  5.0M   0% /run/lock
2025-07-13T17:23:55.1460071Z /dev/sdb16      881M   60M  760M   8% /boot
2025-07-13T17:23:55.1460508Z /dev/sdb15      105M  6.2M   99M   6% /boot/efi
2025-07-13T17:23:55.1460870Z /dev/sda1        74G  4.1G   66G   6% /mnt
2025-07-13T17:23:55.1461246Z tmpfs           1.6G   12K  1.6G   1% /run/user/1001
2025-07-13T17:23:55.1624763Z ##[group]Run actions/checkout@v4
2025-07-13T17:23:55.1625115Z with:
2025-07-13T17:23:55.1625359Z   repository: sealad886/FFmpeg-Builds
2025-07-13T17:23:55.1625790Z   token: ***
2025-07-13T17:23:55.1626032Z   ssh-strict: true
2025-07-13T17:23:55.1626259Z   ssh-user: git
2025-07-13T17:23:55.1626505Z   persist-credentials: true
2025-07-13T17:23:55.1626761Z   clean: true
2025-07-13T17:23:55.1627000Z   sparse-checkout-cone-mode: true
2025-07-13T17:23:55.1627274Z   fetch-depth: 1
2025-07-13T17:23:55.1627712Z   fetch-tags: false
2025-07-13T17:23:55.1627987Z   show-progress: true
2025-07-13T17:23:55.1628222Z   lfs: false
2025-07-13T17:23:55.1628426Z   submodules: false
2025-07-13T17:23:55.1628661Z   set-safe-directory: true
2025-07-13T17:23:55.1628903Z env:
2025-07-13T17:23:55.1629107Z   DOCKER_BUILDKIT: 1
2025-07-13T17:23:55.1629331Z ##[endgroup]
2025-07-13T17:23:55.2642840Z Syncing repository: sealad886/FFmpeg-Builds
2025-07-13T17:23:55.2644265Z ##[group]Getting Git version info
2025-07-13T17:23:55.2644830Z Working directory is '/home/runner/work/FFmpeg-Builds/FFmpeg-Builds'
2025-07-13T17:23:55.2645651Z [command]/usr/bin/git version
2025-07-13T17:23:55.2681042Z git version 2.50.1
2025-07-13T17:23:55.2706533Z ##[endgroup]
2025-07-13T17:23:55.2724317Z Temporarily overriding HOME='/home/runner/work/_temp/2295c4e5-af3b-481c-8c1f-1dcca614da90' before making global git config changes
2025-07-13T17:23:55.2725782Z Adding repository directory to the temporary git global config as a safe directory
2025-07-13T17:23:55.2737355Z [command]/usr/bin/git config --global --add safe.directory /home/runner/work/FFmpeg-Builds/FFmpeg-Builds
2025-07-13T17:23:55.2770590Z Deleting the contents of '/home/runner/work/FFmpeg-Builds/FFmpeg-Builds'
2025-07-13T17:23:55.2774126Z ##[group]Initializing the repository
2025-07-13T17:23:55.2778632Z [command]/usr/bin/git init /home/runner/work/FFmpeg-Builds/FFmpeg-Builds
2025-07-13T17:23:55.2848430Z hint: Using 'master' as the name for the initial branch. This default branch name
2025-07-13T17:23:55.2849426Z hint: is subject to change. To configure the initial branch name to use in all
2025-07-13T17:23:55.2850344Z hint: of your new repositories, which will suppress this warning, call:
2025-07-13T17:23:55.2851024Z hint:
2025-07-13T17:23:55.2851527Z hint: 	git config --global init.defaultBranch <name>
2025-07-13T17:23:55.2852073Z hint:
2025-07-13T17:23:55.2852588Z hint: Names commonly chosen instead of 'master' are 'main', 'trunk' and
2025-07-13T17:23:55.2853435Z hint: 'development'. The just-created branch can be renamed via this command:
2025-07-13T17:23:55.2854013Z hint:
2025-07-13T17:23:55.2854247Z hint: 	git branch -m <name>
2025-07-13T17:23:55.2854512Z hint:
2025-07-13T17:23:55.2854893Z hint: Disable this message with "git config set advice.defaultBranchName false"
2025-07-13T17:23:55.2855451Z Initialized empty Git repository in /home/runner/work/FFmpeg-Builds/FFmpeg-Builds/.git/
2025-07-13T17:23:55.2863525Z [command]/usr/bin/git remote add origin https://github.com/sealad886/FFmpeg-Builds
2025-07-13T17:23:55.2895688Z ##[endgroup]
2025-07-13T17:23:55.2896181Z ##[group]Disabling automatic garbage collection
2025-07-13T17:23:55.2899906Z [command]/usr/bin/git config --local gc.auto 0
2025-07-13T17:23:55.2926686Z ##[endgroup]
2025-07-13T17:23:55.2927120Z ##[group]Setting up auth
2025-07-13T17:23:55.2933579Z [command]/usr/bin/git config --local --name-only --get-regexp core\.sshCommand
2025-07-13T17:23:55.2962409Z [command]/usr/bin/git submodule foreach --recursive sh -c "git config --local --name-only --get-regexp 'core\.sshCommand' && git config --local --unset-all 'core.sshCommand' || :"
2025-07-13T17:23:55.3233380Z [command]/usr/bin/git config --local --name-only --get-regexp http\.https\:\/\/github\.com\/\.extraheader
2025-07-13T17:23:55.3261241Z [command]/usr/bin/git submodule foreach --recursive sh -c "git config --local --name-only --get-regexp 'http\.https\:\/\/github\.com\/\.extraheader' && git config --local --unset-all 'http.https://github.com/.extraheader' || :"
2025-07-13T17:23:55.3479015Z [command]/usr/bin/git config --local http.https://github.com/.extraheader AUTHORIZATION: basic ***
2025-07-13T17:23:55.3512118Z ##[endgroup]
2025-07-13T17:23:55.3512731Z ##[group]Fetching the repository
2025-07-13T17:23:55.3528999Z [command]/usr/bin/git -c protocol.version=2 fetch --no-tags --prune --no-recurse-submodules --depth=1 origin +a09f1a5276c092d8767819daa5c49d1b10dce939:refs/remotes/origin/master
2025-07-13T17:23:55.9731504Z From https://github.com/sealad886/FFmpeg-Builds
2025-07-13T17:23:55.9732262Z  * [new ref]         a09f1a5276c092d8767819daa5c49d1b10dce939 -> origin/master
2025-07-13T17:23:55.9758100Z ##[endgroup]
2025-07-13T17:23:55.9758844Z ##[group]Determining the checkout info
2025-07-13T17:23:55.9761367Z ##[endgroup]
2025-07-13T17:23:55.9766359Z [command]/usr/bin/git sparse-checkout disable
2025-07-13T17:23:55.9804753Z [command]/usr/bin/git config --local --unset-all extensions.worktreeConfig
2025-07-13T17:23:55.9830875Z ##[group]Checking out the ref
2025-07-13T17:23:55.9834360Z [command]/usr/bin/git checkout --progress --force -B master refs/remotes/origin/master
2025-07-13T17:23:55.9953589Z Reset branch 'master'
2025-07-13T17:23:55.9956366Z branch 'master' set up to track 'origin/master'.
2025-07-13T17:23:55.9962097Z ##[endgroup]
2025-07-13T17:23:55.9994150Z [command]/usr/bin/git log -1 --format=%H
2025-07-13T17:23:56.0015514Z a09f1a5276c092d8767819daa5c49d1b10dce939
2025-07-13T17:23:56.0158351Z ##[group]Run docker/login-action@v3
2025-07-13T17:23:56.0158784Z with:
2025-07-13T17:23:56.0159180Z   registry: ghcr.io
2025-07-13T17:23:56.0159513Z   username: sealad886
2025-07-13T17:23:56.0160061Z   password: ***
2025-07-13T17:23:56.0160484Z   ecr: auto
2025-07-13T17:23:56.0160749Z   logout: true
2025-07-13T17:23:56.0161048Z env:
2025-07-13T17:23:56.0161343Z   DOCKER_BUILDKIT: 1
2025-07-13T17:23:56.0161682Z ##[endgroup]
2025-07-13T17:23:56.3002766Z Logging into ghcr.io...
2025-07-13T17:23:56.9298472Z Login Succeeded!
2025-07-13T17:23:56.9424026Z ##[group]Run T="$(echo -n *** | sha256sum | head -c 64)" && echo -e "::add-mask::${T}\n::stop-commands::${T}"
2025-07-13T17:23:56.9425094Z [36;1mT="$(echo -n *** | sha256sum | head -c 64)" && echo -e "::add-mask::${T}\n::stop-commands::${T}"[0m
2025-07-13T17:23:56.9453892Z shell: /usr/bin/bash -e {0}
2025-07-13T17:23:56.9454204Z env:
2025-07-13T17:23:56.9454503Z   DOCKER_BUILDKIT: 1
2025-07-13T17:23:56.9454743Z ##[endgroup]
2025-07-13T17:23:56.9534515Z ::stop-commands::***
2025-07-13T17:23:56.9641462Z ##[group]Run SLUG="win64-gpl"
2025-07-13T17:23:56.9642017Z [36;1mSLUG="win64-gpl"[0m
2025-07-13T17:23:56.9642629Z [36;1mecho "artifact_slug=${SLUG// /-}" >> $GITHUB_OUTPUT[0m
2025-07-13T17:23:56.9675219Z shell: /usr/bin/bash -e {0}
2025-07-13T17:23:56.9675471Z env:
2025-07-13T17:23:56.9675645Z   DOCKER_BUILDKIT: 1
2025-07-13T17:23:56.9675850Z ##[endgroup]
2025-07-13T17:23:56.9772983Z ##[group]Run actions/upload-artifact@v4
2025-07-13T17:23:56.9773507Z with:
2025-07-13T17:23:56.9773695Z   name: ffmpeg-win64-gpl
2025-07-13T17:23:56.9773906Z   overwrite: true
2025-07-13T17:23:56.9774099Z   path: artifacts/*
2025-07-13T17:23:56.9774300Z   if-no-files-found: warn
2025-07-13T17:23:56.9774516Z   compression-level: 6
2025-07-13T17:23:56.9774719Z   include-hidden-files: false
2025-07-13T17:23:56.9774934Z env:
2025-07-13T17:23:56.9775098Z   DOCKER_BUILDKIT: 1
2025-07-13T17:23:56.9775290Z ##[endgroup]
2025-07-13T17:23:57.1842262Z ##[warning]No files were found with the provided path: artifacts/*. No artifacts will be uploaded.
2025-07-13T17:23:57.1959040Z Post job cleanup.
2025-07-13T17:23:57.4758015Z [command]/usr/bin/docker logout ghcr.io
2025-07-13T17:23:57.4894610Z Removing login credentials for ghcr.io
2025-07-13T17:23:57.4926878Z ##[group]Post cache
2025-07-13T17:23:57.4928059Z State not set
2025-07-13T17:23:57.4929541Z ##[endgroup]
2025-07-13T17:23:57.5061358Z Post job cleanup.
2025-07-13T17:23:57.5967150Z [command]/usr/bin/git version
2025-07-13T17:23:57.6002079Z git version 2.50.1
2025-07-13T17:23:57.6044977Z Temporarily overriding HOME='/home/runner/work/_temp/4b56415b-040d-444d-bfb2-2db4cc3c1045' before making global git config changes
2025-07-13T17:23:57.6045792Z Adding repository directory to the temporary git global config as a safe directory
2025-07-13T17:23:57.6050398Z [command]/usr/bin/git config --global --add safe.directory /home/runner/work/FFmpeg-Builds/FFmpeg-Builds
2025-07-13T17:23:57.6084399Z [command]/usr/bin/git config --local --name-only --get-regexp core\.sshCommand
2025-07-13T17:23:57.6115489Z [command]/usr/bin/git submodule foreach --recursive sh -c "git config --local --name-only --get-regexp 'core\.sshCommand' && git config --local --unset-all 'core.sshCommand' || :"
2025-07-13T17:23:57.6337099Z [command]/usr/bin/git config --local --name-only --get-regexp http\.https\:\/\/github\.com\/\.extraheader
2025-07-13T17:23:57.6356800Z http.https://github.com/.extraheader
2025-07-13T17:23:57.6368697Z [command]/usr/bin/git config --local --unset-all http.https://github.com/.extraheader
2025-07-13T17:23:57.6397303Z [command]/usr/bin/git submodule foreach --recursive sh -c "git config --local --name-only --get-regexp 'http\.https\:\/\/github\.com\/\.extraheader' && git config --local --unset-all 'http.https://github.com/.extraheader' || :"
2025-07-13T17:23:57.6708132Z Cleaning up orphan processes
